Explain is invoked.
Enter command > myCompInstance1.TheAnswer(42) 
--------------------------(R1)
           Test(42)           
Enter command > myCompInstance1.TheAnswer(42)
Enter command > myCompInstance1.TheAnswer(42) 
--------------------------(R1)
myCompInstance1.TheAnswer2(43)
Enter command > Exiting explain
