    runtime  loadtime  savetime    tuples generated

      .045      .000      .000           102

