    runtime  loadtime  savetime    tuples generated

      .000      .000      .000             4

